// Bun Snapshot v1, https://bun.sh/docs/test/snapshots

exports[`reporters renders the risky fixture as stable pretty JSON 1`] = `
"{
  "input": {
    "filePath": "examples/risky-openapi.yaml",
    "title": "Risky Example API",
    "version": "1.0.0"
  },
  "summary": {
    "totalTools": 5,
    "readOnlyTools": 1,
    "mutatingTools": 4,
    "destructiveTools": 1,
    "highRiskTools": 3,
    "findingCounts": {
      "info": 5,
      "warning": 16,
      "error": 1
    }
  },
  "scores": {
    "overall": 84,
    "safety": 93,
    "schema": 98,
    "docs": 97,
    "errors": 96,
    "agentUsability": 99,
    "auth": 100
  },
  "tools": [
    {
      "toolId": "sendEmail",
      "toolName": "sendEmail",
      "method": "POST",
      "path": "/emails/send",
      "risk": "high",
      "reasons": [
        "HTTP method POST can mutate state",
        "Risk keyword: email"
      ]
    },
    {
      "toolId": "chargePayment",
      "toolName": "chargePayment",
      "method": "POST",
      "path": "/payments/charge",
      "risk": "high",
      "reasons": [
        "HTTP method POST can mutate state",
        "Risk keyword: payment"
      ]
    },
    {
      "toolId": "listUsers",
      "toolName": "listUsers",
      "method": "GET",
      "path": "/users",
      "risk": "low",
      "reasons": [
        "HTTP method GET is generally read-only"
      ]
    },
    {
      "toolId": "createUser",
      "toolName": "createUser",
      "method": "POST",
      "path": "/users",
      "risk": "medium",
      "reasons": [
        "HTTP method POST can mutate state"
      ]
    },
    {
      "toolId": "deleteUser",
      "toolName": "deleteUser",
      "method": "DELETE",
      "path": "/users/{id}",
      "risk": "high",
      "reasons": [
        "HTTP method DELETE is destructive"
      ]
    }
  ],
  "findings": [
    {
      "ruleId": "safety/destructive-requires-guard",
      "severity": "error",
      "category": "safety",
      "toolId": "deleteUser",
      "toolName": "deleteUser",
      "method": "DELETE",
      "path": "/users/{id}",
      "message": "Destructive operation does not declare an explicit agent guard or confirmation signal in the API contract.",
      "recommendation": "Add a confirmation field, a vendor extension such as x-agent-guard, or a generated guard policy before exposing this operation to autonomous agents.",
      "evidence": [
        "HTTP method DELETE"
      ]
    },
    {
      "ruleId": "docs/mutating-description-mentions-side-effects",
      "severity": "warning",
      "category": "docs",
      "toolId": "sendEmail",
      "toolName": "sendEmail",
      "method": "POST",
      "path": "/emails/send",
      "message": "Mutating operation description does not mention side effects or state changes.",
      "recommendation": "Update the description to clearly state what side effects this operation has (e.g., \\"Creates a new user account\\" rather than just \\"Create user\\").",
      "evidence": [
        "Method: POST",
        "No description provided"
      ]
    },
    {
      "ruleId": "errors/missing-error-schema",
      "severity": "warning",
      "category": "errors",
      "toolId": "sendEmail",
      "toolName": "sendEmail",
      "method": "POST",
      "path": "/emails/send",
      "message": "Operation does not define a structured 4xx or 5xx error response schema.",
      "recommendation": "Define structured error responses with stable error codes and messages so agents can recover safely.",
      "evidence": [
        "No 4xx/5xx response with schema"
      ]
    },
    {
      "ruleId": "safety/external-communication-requires-guard",
      "severity": "warning",
      "category": "safety",
      "toolId": "sendEmail",
      "toolName": "sendEmail",
      "method": "POST",
      "path": "/emails/send",
      "message": "External communication operation does not declare a confirmation or guard signal.",
      "recommendation": "Add confirmation input or guard metadata before exposing this operation to autonomous agents.",
      "evidence": [
        "HTTP method POST",
        "External communication keyword"
      ]
    },
    {
      "ruleId": "safety/mutating-requires-dry-run",
      "severity": "warning",
      "category": "safety",
      "toolId": "sendEmail",
      "toolName": "sendEmail",
      "method": "POST",
      "path": "/emails/send",
      "message": "Mutating operation does not expose dry-run, preview, or validate-only mode.",
      "recommendation": "Add dry-run, preview, or validate-only support when possible. Otherwise mark the operation as guarded.",
      "evidence": [
        "HTTP method POST"
      ]
    },
    {
      "ruleId": "docs/mutating-description-mentions-side-effects",
      "severity": "warning",
      "category": "docs",
      "toolId": "chargePayment",
      "toolName": "chargePayment",
      "method": "POST",
      "path": "/payments/charge",
      "message": "Mutating operation description does not mention side effects or state changes.",
      "recommendation": "Update the description to clearly state what side effects this operation has (e.g., \\"Creates a new user account\\" rather than just \\"Create user\\").",
      "evidence": [
        "Method: POST",
        "No description provided"
      ]
    },
    {
      "ruleId": "errors/missing-error-schema",
      "severity": "warning",
      "category": "errors",
      "toolId": "chargePayment",
      "toolName": "chargePayment",
      "method": "POST",
      "path": "/payments/charge",
      "message": "Operation does not define a structured 4xx or 5xx error response schema.",
      "recommendation": "Define structured error responses with stable error codes and messages so agents can recover safely.",
      "evidence": [
        "No 4xx/5xx response with schema"
      ]
    },
    {
      "ruleId": "safety/financial-requires-idempotency",
      "severity": "warning",
      "category": "safety",
      "toolId": "chargePayment",
      "toolName": "chargePayment",
      "method": "POST",
      "path": "/payments/charge",
      "message": "Financial mutating operation does not expose an idempotency key.",
      "recommendation": "Add an idempotency key, request ID, or equivalent deduplication field before exposing this operation to agents.",
      "evidence": [
        "HTTP method POST",
        "Financial operation keyword"
      ]
    },
    {
      "ruleId": "safety/mutating-requires-dry-run",
      "severity": "warning",
      "category": "safety",
      "toolId": "chargePayment",
      "toolName": "chargePayment",
      "method": "POST",
      "path": "/payments/charge",
      "message": "Mutating operation does not expose dry-run, preview, or validate-only mode.",
      "recommendation": "Add dry-run, preview, or validate-only support when possible. Otherwise mark the operation as guarded.",
      "evidence": [
        "HTTP method POST"
      ]
    },
    {
      "ruleId": "errors/missing-error-schema",
      "severity": "warning",
      "category": "errors",
      "toolId": "listUsers",
      "toolName": "listUsers",
      "method": "GET",
      "path": "/users",
      "message": "Operation does not define a structured 4xx or 5xx error response schema.",
      "recommendation": "Define structured error responses with stable error codes and messages so agents can recover safely.",
      "evidence": [
        "No 4xx/5xx response with schema"
      ]
    },
    {
      "ruleId": "schema/list-requires-pagination",
      "severity": "warning",
      "category": "agent_usability",
      "toolId": "listUsers",
      "toolName": "listUsers",
      "method": "GET",
      "path": "/users",
      "message": "List/search operation has no pagination or limit query parameter.",
      "recommendation": "Expose limit, page, pageSize, cursor, or offset parameters to prevent unbounded agent outputs.",
      "evidence": [
        "GET operation appears to return a collection"
      ]
    },
    {
      "ruleId": "errors/missing-error-schema",
      "severity": "warning",
      "category": "errors",
      "toolId": "createUser",
      "toolName": "createUser",
      "method": "POST",
      "path": "/users",
      "message": "Operation does not define a structured 4xx or 5xx error response schema.",
      "recommendation": "Define structured error responses with stable error codes and messages so agents can recover safely.",
      "evidence": [
        "No 4xx/5xx response with schema"
      ]
    },
    {
      "ruleId": "safety/mutating-requires-dry-run",
      "severity": "warning",
      "category": "safety",
      "toolId": "createUser",
      "toolName": "createUser",
      "method": "POST",
      "path": "/users",
      "message": "Mutating operation does not expose dry-run, preview, or validate-only mode.",
      "recommendation": "Add dry-run, preview, or validate-only support when possible. Otherwise mark the operation as guarded.",
      "evidence": [
        "HTTP method POST"
      ]
    },
    {
      "ruleId": "schema/string-should-be-enum",
      "severity": "warning",
      "category": "schema",
      "toolId": "createUser",
      "toolName": "createUser",
      "method": "POST",
      "path": "/users",
      "message": "String input 'role' appears constrained but has no enum.",
      "recommendation": "Add enum values so agents can choose valid inputs without guessing API-specific strings.",
      "evidence": [
        "String input: role"
      ]
    },
    {
      "ruleId": "schema/vague-boolean",
      "severity": "warning",
      "category": "schema",
      "toolId": "createUser",
      "toolName": "createUser",
      "method": "POST",
      "path": "/users",
      "message": "Boolean input 'force' is too vague for reliable agent use.",
      "recommendation": "Rename vague booleans to describe the exact behavior they enable, or replace them with a constrained enum.",
      "evidence": [
        "Boolean input: force"
      ]
    },
    {
      "ruleId": "errors/missing-error-schema",
      "severity": "warning",
      "category": "errors",
      "toolId": "deleteUser",
      "toolName": "deleteUser",
      "method": "DELETE",
      "path": "/users/{id}",
      "message": "Operation does not define a structured 4xx or 5xx error response schema.",
      "recommendation": "Define structured error responses with stable error codes and messages so agents can recover safely.",
      "evidence": [
        "No 4xx/5xx response with schema"
      ]
    },
    {
      "ruleId": "safety/mutating-requires-dry-run",
      "severity": "warning",
      "category": "safety",
      "toolId": "deleteUser",
      "toolName": "deleteUser",
      "method": "DELETE",
      "path": "/users/{id}",
      "message": "Mutating operation does not expose dry-run, preview, or validate-only mode.",
      "recommendation": "Add dry-run, preview, or validate-only support when possible. Otherwise mark the operation as guarded.",
      "evidence": [
        "HTTP method DELETE"
      ]
    },
    {
      "ruleId": "docs/weak-description",
      "severity": "info",
      "category": "docs",
      "toolId": "sendEmail",
      "toolName": "sendEmail",
      "method": "POST",
      "path": "/emails/send",
      "message": "Description is too short to be useful for agent tool selection.",
      "recommendation": "Expand the description to clearly explain what the operation does and when to use it.",
      "evidence": [
        "Description length: 10 characters"
      ]
    },
    {
      "ruleId": "docs/weak-description",
      "severity": "info",
      "category": "docs",
      "toolId": "chargePayment",
      "toolName": "chargePayment",
      "method": "POST",
      "path": "/payments/charge",
      "message": "Description is too short to be useful for agent tool selection.",
      "recommendation": "Expand the description to clearly explain what the operation does and when to use it.",
      "evidence": [
        "Description length: 14 characters"
      ]
    },
    {
      "ruleId": "docs/weak-description",
      "severity": "info",
      "category": "docs",
      "toolId": "listUsers",
      "toolName": "listUsers",
      "method": "GET",
      "path": "/users",
      "message": "Description is too short to be useful for agent tool selection.",
      "recommendation": "Expand the description to clearly explain what the operation does and when to use it.",
      "evidence": [
        "Description length: 10 characters"
      ]
    },
    {
      "ruleId": "docs/weak-description",
      "severity": "info",
      "category": "docs",
      "toolId": "createUser",
      "toolName": "createUser",
      "method": "POST",
      "path": "/users",
      "message": "Description is too short to be useful for agent tool selection.",
      "recommendation": "Expand the description to clearly explain what the operation does and when to use it.",
      "evidence": [
        "Description length: 11 characters"
      ]
    },
    {
      "ruleId": "docs/weak-description",
      "severity": "info",
      "category": "docs",
      "toolId": "deleteUser",
      "toolName": "deleteUser",
      "method": "DELETE",
      "path": "/users/{id}",
      "message": "Description is too short to be useful for agent tool selection.",
      "recommendation": "Expand the description to clearly explain what the operation does and when to use it.",
      "evidence": [
        "Description length: 11 characters"
      ]
    }
  ]
}
"
`;

exports[`reporters renders the risky fixture as stable Markdown 1`] = `
"# ToolSafe Agent-Readiness Report

Input: \`examples/risky-openapi.yaml\`

API: Risky Example API 1.0.0

## Summary

| Metric | Value |
| --- | ---: |
| Operations analyzed | 5 |
| Read-only operations | 1 |
| Mutating operations | 4 |
| Destructive operations | 1 |
| High-risk operations | 3 |
| Errors | 1 |
| Warnings | 16 |
| Info | 5 |

## Scores

| Category | Score |
| --- | ---: |
| Overall | 84/100 |
| Safety | 93/100 |
| Schema | 98/100 |
| Docs | 97/100 |
| Errors | 96/100 |
| Agent usability | 99/100 |
| Auth | 100/100 |

## High-Risk Operations

| Risk | Operation | Reasons |
| --- | --- | --- |
| high | \`POST /emails/send\` (sendEmail) | HTTP method POST can mutate state; Risk keyword: email |
| high | \`POST /payments/charge\` (chargePayment) | HTTP method POST can mutate state; Risk keyword: payment |
| high | \`DELETE /users/{id}\` (deleteUser) | HTTP method DELETE is destructive |

## Findings

### Errors

- **safety/destructive-requires-guard**: \`DELETE /users/{id}\`
  - Destructive operation does not declare an explicit agent guard or confirmation signal in the API contract.
  - Recommendation: Add a confirmation field, a vendor extension such as x-agent-guard, or a generated guard policy before exposing this operation to autonomous agents.
  - Evidence: HTTP method DELETE

### Warnings

- **docs/mutating-description-mentions-side-effects**: \`POST /emails/send\`
  - Mutating operation description does not mention side effects or state changes.
  - Recommendation: Update the description to clearly state what side effects this operation has (e.g., "Creates a new user account" rather than just "Create user").
  - Evidence: Method: POST; No description provided

- **errors/missing-error-schema**: \`POST /emails/send\`
  - Operation does not define a structured 4xx or 5xx error response schema.
  - Recommendation: Define structured error responses with stable error codes and messages so agents can recover safely.
  - Evidence: No 4xx/5xx response with schema

- **safety/external-communication-requires-guard**: \`POST /emails/send\`
  - External communication operation does not declare a confirmation or guard signal.
  - Recommendation: Add confirmation input or guard metadata before exposing this operation to autonomous agents.
  - Evidence: HTTP method POST; External communication keyword

- **safety/mutating-requires-dry-run**: \`POST /emails/send\`
  - Mutating operation does not expose dry-run, preview, or validate-only mode.
  - Recommendation: Add dry-run, preview, or validate-only support when possible. Otherwise mark the operation as guarded.
  - Evidence: HTTP method POST

- **docs/mutating-description-mentions-side-effects**: \`POST /payments/charge\`
  - Mutating operation description does not mention side effects or state changes.
  - Recommendation: Update the description to clearly state what side effects this operation has (e.g., "Creates a new user account" rather than just "Create user").
  - Evidence: Method: POST; No description provided

- **errors/missing-error-schema**: \`POST /payments/charge\`
  - Operation does not define a structured 4xx or 5xx error response schema.
  - Recommendation: Define structured error responses with stable error codes and messages so agents can recover safely.
  - Evidence: No 4xx/5xx response with schema

- **safety/financial-requires-idempotency**: \`POST /payments/charge\`
  - Financial mutating operation does not expose an idempotency key.
  - Recommendation: Add an idempotency key, request ID, or equivalent deduplication field before exposing this operation to agents.
  - Evidence: HTTP method POST; Financial operation keyword

- **safety/mutating-requires-dry-run**: \`POST /payments/charge\`
  - Mutating operation does not expose dry-run, preview, or validate-only mode.
  - Recommendation: Add dry-run, preview, or validate-only support when possible. Otherwise mark the operation as guarded.
  - Evidence: HTTP method POST

- **errors/missing-error-schema**: \`GET /users\`
  - Operation does not define a structured 4xx or 5xx error response schema.
  - Recommendation: Define structured error responses with stable error codes and messages so agents can recover safely.
  - Evidence: No 4xx/5xx response with schema

- **schema/list-requires-pagination**: \`GET /users\`
  - List/search operation has no pagination or limit query parameter.
  - Recommendation: Expose limit, page, pageSize, cursor, or offset parameters to prevent unbounded agent outputs.
  - Evidence: GET operation appears to return a collection

- **errors/missing-error-schema**: \`POST /users\`
  - Operation does not define a structured 4xx or 5xx error response schema.
  - Recommendation: Define structured error responses with stable error codes and messages so agents can recover safely.
  - Evidence: No 4xx/5xx response with schema

- **safety/mutating-requires-dry-run**: \`POST /users\`
  - Mutating operation does not expose dry-run, preview, or validate-only mode.
  - Recommendation: Add dry-run, preview, or validate-only support when possible. Otherwise mark the operation as guarded.
  - Evidence: HTTP method POST

- **schema/string-should-be-enum**: \`POST /users\`
  - String input 'role' appears constrained but has no enum.
  - Recommendation: Add enum values so agents can choose valid inputs without guessing API-specific strings.
  - Evidence: String input: role

- **schema/vague-boolean**: \`POST /users\`
  - Boolean input 'force' is too vague for reliable agent use.
  - Recommendation: Rename vague booleans to describe the exact behavior they enable, or replace them with a constrained enum.
  - Evidence: Boolean input: force

- **errors/missing-error-schema**: \`DELETE /users/{id}\`
  - Operation does not define a structured 4xx or 5xx error response schema.
  - Recommendation: Define structured error responses with stable error codes and messages so agents can recover safely.
  - Evidence: No 4xx/5xx response with schema

- **safety/mutating-requires-dry-run**: \`DELETE /users/{id}\`
  - Mutating operation does not expose dry-run, preview, or validate-only mode.
  - Recommendation: Add dry-run, preview, or validate-only support when possible. Otherwise mark the operation as guarded.
  - Evidence: HTTP method DELETE

### Info

- **docs/weak-description**: \`POST /emails/send\`
  - Description is too short to be useful for agent tool selection.
  - Recommendation: Expand the description to clearly explain what the operation does and when to use it.
  - Evidence: Description length: 10 characters

- **docs/weak-description**: \`POST /payments/charge\`
  - Description is too short to be useful for agent tool selection.
  - Recommendation: Expand the description to clearly explain what the operation does and when to use it.
  - Evidence: Description length: 14 characters

- **docs/weak-description**: \`GET /users\`
  - Description is too short to be useful for agent tool selection.
  - Recommendation: Expand the description to clearly explain what the operation does and when to use it.
  - Evidence: Description length: 10 characters

- **docs/weak-description**: \`POST /users\`
  - Description is too short to be useful for agent tool selection.
  - Recommendation: Expand the description to clearly explain what the operation does and when to use it.
  - Evidence: Description length: 11 characters

- **docs/weak-description**: \`DELETE /users/{id}\`
  - Description is too short to be useful for agent tool selection.
  - Recommendation: Expand the description to clearly explain what the operation does and when to use it.
  - Evidence: Description length: 11 characters
"
`;

exports[`reporters SARIF output matches snapshot 1`] = `
"{
  "$schema": "https://raw.githubusercontent.com/oasis-tcs/sarif-spec/master/Schemata/sarif-schema-2.1.0.json",
  "version": "2.1.0",
  "runs": [
    {
      "tool": {
        "driver": {
          "name": "ToolSafe",
          "version": "0.2.0",
          "informationUri": "https://github.com/styltsou/toolsafe",
          "rules": [
            {
              "id": "safety/destructive-requires-guard",
              "name": "Destructive operation should declare an explicit guard signal",
              "shortDescription": {
                "text": "Flags DELETE/destructive operations that do not expose confirmation fields or guard metadata."
              },
              "fullDescription": {
                "text": "Flags DELETE/destructive operations that do not expose confirmation fields or guard metadata."
              },
              "defaultConfiguration": {
                "level": "error"
              }
            },
            {
              "id": "safety/batch-operation-requires-limit",
              "name": "Batch operation requires limit",
              "shortDescription": {
                "text": "Flags batch or bulk operations that do not expose a limit or max items parameter."
              },
              "fullDescription": {
                "text": "Flags batch or bulk operations that do not expose a limit or max items parameter."
              },
              "defaultConfiguration": {
                "level": "warning"
              }
            },
            {
              "id": "auth/dangerous-auth-scope",
              "name": "Dangerous auth scope",
              "shortDescription": {
                "text": "Flags security requirements with overly broad or dangerous scopes."
              },
              "fullDescription": {
                "text": "Flags security requirements with overly broad or dangerous scopes."
              },
              "defaultConfiguration": {
                "level": "warning"
              }
            },
            {
              "id": "safety/financial-requires-idempotency",
              "name": "Financial mutation should require idempotency",
              "shortDescription": {
                "text": "Flags financial mutating operations that do not expose an idempotency key or request ID."
              },
              "fullDescription": {
                "text": "Flags financial mutating operations that do not expose an idempotency key or request ID."
              },
              "defaultConfiguration": {
                "level": "warning"
              }
            },
            {
              "id": "safety/external-communication-requires-guard",
              "name": "External communication should require guard signal",
              "shortDescription": {
                "text": "Flags mutating email, SMS, notification, invite, webhook, or broadcast operations without confirmation or guard metadata."
              },
              "fullDescription": {
                "text": "Flags mutating email, SMS, notification, invite, webhook, or broadcast operations without confirmation or guard metadata."
              },
              "defaultConfiguration": {
                "level": "warning"
              }
            },
            {
              "id": "safety/mutating-requires-dry-run",
              "name": "Mutating operation should support dry-run or preview",
              "shortDescription": {
                "text": "Flags mutating operations that do not expose dryRun, preview, validateOnly, or planOnly inputs."
              },
              "fullDescription": {
                "text": "Flags mutating operations that do not expose dryRun, preview, validateOnly, or planOnly inputs."
              },
              "defaultConfiguration": {
                "level": "warning"
              }
            },
            {
              "id": "schema/list-requires-pagination",
              "name": "List/search requires pagination or limit",
              "shortDescription": {
                "text": "Flags likely list/search GET operations that lack pagination or limit parameters."
              },
              "fullDescription": {
                "text": "Flags likely list/search GET operations that lack pagination or limit parameters."
              },
              "defaultConfiguration": {
                "level": "warning"
              }
            },
            {
              "id": "schema/unconstrained-file-upload",
              "name": "Unconstrained file upload",
              "shortDescription": {
                "text": "Flags file upload inputs that lack size or content constraints."
              },
              "fullDescription": {
                "text": "Flags file upload inputs that lack size or content constraints."
              },
              "defaultConfiguration": {
                "level": "warning"
              }
            },
            {
              "id": "schema/vague-boolean",
              "name": "Boolean inputs should be explicit",
              "shortDescription": {
                "text": "Flags boolean parameters or body fields with vague names such as force or flag."
              },
              "fullDescription": {
                "text": "Flags boolean parameters or body fields with vague names such as force or flag."
              },
              "defaultConfiguration": {
                "level": "warning"
              }
            },
            {
              "id": "schema/string-should-be-enum",
              "name": "Constrained strings should use enums",
              "shortDescription": {
                "text": "Flags likely constrained string inputs such as role, status, or mode without enum values."
              },
              "fullDescription": {
                "text": "Flags likely constrained string inputs such as role, status, or mode without enum values."
              },
              "defaultConfiguration": {
                "level": "warning"
              }
            },
            {
              "id": "schema/sensitive-response-fields",
              "name": "Sensitive response fields should be reviewed",
              "shortDescription": {
                "text": "Flags response schemas with sensitive top-level fields such as tokens, secrets, credentials, or payment identifiers."
              },
              "fullDescription": {
                "text": "Flags response schemas with sensitive top-level fields such as tokens, secrets, credentials, or payment identifiers."
              },
              "defaultConfiguration": {
                "level": "warning"
              }
            },
            {
              "id": "docs/missing-description",
              "name": "Missing operation description",
              "shortDescription": {
                "text": "Flags operations with neither summary nor description."
              },
              "fullDescription": {
                "text": "Flags operations with neither summary nor description."
              },
              "defaultConfiguration": {
                "level": "warning"
              }
            },
            {
              "id": "docs/weak-description",
              "name": "Weak operation description",
              "shortDescription": {
                "text": "Flags operations with descriptions that are too short or generic."
              },
              "fullDescription": {
                "text": "Flags operations with descriptions that are too short or generic."
              },
              "defaultConfiguration": {
                "level": "note"
              }
            },
            {
              "id": "docs/mutating-description-mentions-side-effects",
              "name": "Mutating description mentions side effects",
              "shortDescription": {
                "text": "Flags mutating operations whose descriptions lack mention of side effects or state changes."
              },
              "fullDescription": {
                "text": "Flags mutating operations whose descriptions lack mention of side effects or state changes."
              },
              "defaultConfiguration": {
                "level": "warning"
              }
            },
            {
              "id": "errors/missing-error-schema",
              "name": "Missing structured error schema",
              "shortDescription": {
                "text": "Flags operations without any 4xx or 5xx response schema."
              },
              "fullDescription": {
                "text": "Flags operations without any 4xx or 5xx response schema."
              },
              "defaultConfiguration": {
                "level": "warning"
              }
            }
          ]
        }
      },
      "results": [
        {
          "ruleId": "safety/destructive-requires-guard",
          "ruleIndex": 0,
          "level": "error",
          "message": {
            "text": "Destructive operation does not declare an explicit agent guard or confirmation signal in the API contract.\\n\\nRecommendation: Add a confirmation field, a vendor extension such as x-agent-guard, or a generated guard policy before exposing this operation to autonomous agents.\\n\\nEvidence:\\n  - HTTP method DELETE"
          },
          "locations": [
            {
              "physicalLocation": {
                "artifactLocation": {
                  "uri": "examples/risky-openapi.yaml"
                },
                "region": {
                  "snippet": {
                    "text": "DELETE /users/{id}"
                  }
                }
              }
            }
          ],
          "properties": {
            "category": "safety",
            "toolId": "deleteUser",
            "toolName": "deleteUser",
            "method": "DELETE",
            "path": "/users/{id}"
          }
        },
        {
          "ruleId": "docs/mutating-description-mentions-side-effects",
          "ruleIndex": 13,
          "level": "warning",
          "message": {
            "text": "Mutating operation description does not mention side effects or state changes.\\n\\nRecommendation: Update the description to clearly state what side effects this operation has (e.g., \\"Creates a new user account\\" rather than just \\"Create user\\").\\n\\nEvidence:\\n  - Method: POST\\n  - No description provided"
          },
          "locations": [
            {
              "physicalLocation": {
                "artifactLocation": {
                  "uri": "examples/risky-openapi.yaml"
                },
                "region": {
                  "snippet": {
                    "text": "POST /emails/send"
                  }
                }
              }
            }
          ],
          "properties": {
            "category": "docs",
            "toolId": "sendEmail",
            "toolName": "sendEmail",
            "method": "POST",
            "path": "/emails/send"
          }
        },
        {
          "ruleId": "errors/missing-error-schema",
          "ruleIndex": 14,
          "level": "warning",
          "message": {
            "text": "Operation does not define a structured 4xx or 5xx error response schema.\\n\\nRecommendation: Define structured error responses with stable error codes and messages so agents can recover safely.\\n\\nEvidence:\\n  - No 4xx/5xx response with schema"
          },
          "locations": [
            {
              "physicalLocation": {
                "artifactLocation": {
                  "uri": "examples/risky-openapi.yaml"
                },
                "region": {
                  "snippet": {
                    "text": "POST /emails/send"
                  }
                }
              }
            }
          ],
          "properties": {
            "category": "errors",
            "toolId": "sendEmail",
            "toolName": "sendEmail",
            "method": "POST",
            "path": "/emails/send"
          }
        },
        {
          "ruleId": "safety/external-communication-requires-guard",
          "ruleIndex": 4,
          "level": "warning",
          "message": {
            "text": "External communication operation does not declare a confirmation or guard signal.\\n\\nRecommendation: Add confirmation input or guard metadata before exposing this operation to autonomous agents.\\n\\nEvidence:\\n  - HTTP method POST\\n  - External communication keyword"
          },
          "locations": [
            {
              "physicalLocation": {
                "artifactLocation": {
                  "uri": "examples/risky-openapi.yaml"
                },
                "region": {
                  "snippet": {
                    "text": "POST /emails/send"
                  }
                }
              }
            }
          ],
          "properties": {
            "category": "safety",
            "toolId": "sendEmail",
            "toolName": "sendEmail",
            "method": "POST",
            "path": "/emails/send"
          }
        },
        {
          "ruleId": "safety/mutating-requires-dry-run",
          "ruleIndex": 5,
          "level": "warning",
          "message": {
            "text": "Mutating operation does not expose dry-run, preview, or validate-only mode.\\n\\nRecommendation: Add dry-run, preview, or validate-only support when possible. Otherwise mark the operation as guarded.\\n\\nEvidence:\\n  - HTTP method POST"
          },
          "locations": [
            {
              "physicalLocation": {
                "artifactLocation": {
                  "uri": "examples/risky-openapi.yaml"
                },
                "region": {
                  "snippet": {
                    "text": "POST /emails/send"
                  }
                }
              }
            }
          ],
          "properties": {
            "category": "safety",
            "toolId": "sendEmail",
            "toolName": "sendEmail",
            "method": "POST",
            "path": "/emails/send"
          }
        },
        {
          "ruleId": "docs/mutating-description-mentions-side-effects",
          "ruleIndex": 13,
          "level": "warning",
          "message": {
            "text": "Mutating operation description does not mention side effects or state changes.\\n\\nRecommendation: Update the description to clearly state what side effects this operation has (e.g., \\"Creates a new user account\\" rather than just \\"Create user\\").\\n\\nEvidence:\\n  - Method: POST\\n  - No description provided"
          },
          "locations": [
            {
              "physicalLocation": {
                "artifactLocation": {
                  "uri": "examples/risky-openapi.yaml"
                },
                "region": {
                  "snippet": {
                    "text": "POST /payments/charge"
                  }
                }
              }
            }
          ],
          "properties": {
            "category": "docs",
            "toolId": "chargePayment",
            "toolName": "chargePayment",
            "method": "POST",
            "path": "/payments/charge"
          }
        },
        {
          "ruleId": "errors/missing-error-schema",
          "ruleIndex": 14,
          "level": "warning",
          "message": {
            "text": "Operation does not define a structured 4xx or 5xx error response schema.\\n\\nRecommendation: Define structured error responses with stable error codes and messages so agents can recover safely.\\n\\nEvidence:\\n  - No 4xx/5xx response with schema"
          },
          "locations": [
            {
              "physicalLocation": {
                "artifactLocation": {
                  "uri": "examples/risky-openapi.yaml"
                },
                "region": {
                  "snippet": {
                    "text": "POST /payments/charge"
                  }
                }
              }
            }
          ],
          "properties": {
            "category": "errors",
            "toolId": "chargePayment",
            "toolName": "chargePayment",
            "method": "POST",
            "path": "/payments/charge"
          }
        },
        {
          "ruleId": "safety/financial-requires-idempotency",
          "ruleIndex": 3,
          "level": "warning",
          "message": {
            "text": "Financial mutating operation does not expose an idempotency key.\\n\\nRecommendation: Add an idempotency key, request ID, or equivalent deduplication field before exposing this operation to agents.\\n\\nEvidence:\\n  - HTTP method POST\\n  - Financial operation keyword"
          },
          "locations": [
            {
              "physicalLocation": {
                "artifactLocation": {
                  "uri": "examples/risky-openapi.yaml"
                },
                "region": {
                  "snippet": {
                    "text": "POST /payments/charge"
                  }
                }
              }
            }
          ],
          "properties": {
            "category": "safety",
            "toolId": "chargePayment",
            "toolName": "chargePayment",
            "method": "POST",
            "path": "/payments/charge"
          }
        },
        {
          "ruleId": "safety/mutating-requires-dry-run",
          "ruleIndex": 5,
          "level": "warning",
          "message": {
            "text": "Mutating operation does not expose dry-run, preview, or validate-only mode.\\n\\nRecommendation: Add dry-run, preview, or validate-only support when possible. Otherwise mark the operation as guarded.\\n\\nEvidence:\\n  - HTTP method POST"
          },
          "locations": [
            {
              "physicalLocation": {
                "artifactLocation": {
                  "uri": "examples/risky-openapi.yaml"
                },
                "region": {
                  "snippet": {
                    "text": "POST /payments/charge"
                  }
                }
              }
            }
          ],
          "properties": {
            "category": "safety",
            "toolId": "chargePayment",
            "toolName": "chargePayment",
            "method": "POST",
            "path": "/payments/charge"
          }
        },
        {
          "ruleId": "errors/missing-error-schema",
          "ruleIndex": 14,
          "level": "warning",
          "message": {
            "text": "Operation does not define a structured 4xx or 5xx error response schema.\\n\\nRecommendation: Define structured error responses with stable error codes and messages so agents can recover safely.\\n\\nEvidence:\\n  - No 4xx/5xx response with schema"
          },
          "locations": [
            {
              "physicalLocation": {
                "artifactLocation": {
                  "uri": "examples/risky-openapi.yaml"
                },
                "region": {
                  "snippet": {
                    "text": "GET /users"
                  }
                }
              }
            }
          ],
          "properties": {
            "category": "errors",
            "toolId": "listUsers",
            "toolName": "listUsers",
            "method": "GET",
            "path": "/users"
          }
        },
        {
          "ruleId": "schema/list-requires-pagination",
          "ruleIndex": 6,
          "level": "warning",
          "message": {
            "text": "List/search operation has no pagination or limit query parameter.\\n\\nRecommendation: Expose limit, page, pageSize, cursor, or offset parameters to prevent unbounded agent outputs.\\n\\nEvidence:\\n  - GET operation appears to return a collection"
          },
          "locations": [
            {
              "physicalLocation": {
                "artifactLocation": {
                  "uri": "examples/risky-openapi.yaml"
                },
                "region": {
                  "snippet": {
                    "text": "GET /users"
                  }
                }
              }
            }
          ],
          "properties": {
            "category": "agent_usability",
            "toolId": "listUsers",
            "toolName": "listUsers",
            "method": "GET",
            "path": "/users"
          }
        },
        {
          "ruleId": "errors/missing-error-schema",
          "ruleIndex": 14,
          "level": "warning",
          "message": {
            "text": "Operation does not define a structured 4xx or 5xx error response schema.\\n\\nRecommendation: Define structured error responses with stable error codes and messages so agents can recover safely.\\n\\nEvidence:\\n  - No 4xx/5xx response with schema"
          },
          "locations": [
            {
              "physicalLocation": {
                "artifactLocation": {
                  "uri": "examples/risky-openapi.yaml"
                },
                "region": {
                  "snippet": {
                    "text": "POST /users"
                  }
                }
              }
            }
          ],
          "properties": {
            "category": "errors",
            "toolId": "createUser",
            "toolName": "createUser",
            "method": "POST",
            "path": "/users"
          }
        },
        {
          "ruleId": "safety/mutating-requires-dry-run",
          "ruleIndex": 5,
          "level": "warning",
          "message": {
            "text": "Mutating operation does not expose dry-run, preview, or validate-only mode.\\n\\nRecommendation: Add dry-run, preview, or validate-only support when possible. Otherwise mark the operation as guarded.\\n\\nEvidence:\\n  - HTTP method POST"
          },
          "locations": [
            {
              "physicalLocation": {
                "artifactLocation": {
                  "uri": "examples/risky-openapi.yaml"
                },
                "region": {
                  "snippet": {
                    "text": "POST /users"
                  }
                }
              }
            }
          ],
          "properties": {
            "category": "safety",
            "toolId": "createUser",
            "toolName": "createUser",
            "method": "POST",
            "path": "/users"
          }
        },
        {
          "ruleId": "schema/string-should-be-enum",
          "ruleIndex": 9,
          "level": "warning",
          "message": {
            "text": "String input 'role' appears constrained but has no enum.\\n\\nRecommendation: Add enum values so agents can choose valid inputs without guessing API-specific strings.\\n\\nEvidence:\\n  - String input: role"
          },
          "locations": [
            {
              "physicalLocation": {
                "artifactLocation": {
                  "uri": "examples/risky-openapi.yaml"
                },
                "region": {
                  "snippet": {
                    "text": "POST /users"
                  }
                }
              }
            }
          ],
          "properties": {
            "category": "schema",
            "toolId": "createUser",
            "toolName": "createUser",
            "method": "POST",
            "path": "/users"
          }
        },
        {
          "ruleId": "schema/vague-boolean",
          "ruleIndex": 8,
          "level": "warning",
          "message": {
            "text": "Boolean input 'force' is too vague for reliable agent use.\\n\\nRecommendation: Rename vague booleans to describe the exact behavior they enable, or replace them with a constrained enum.\\n\\nEvidence:\\n  - Boolean input: force"
          },
          "locations": [
            {
              "physicalLocation": {
                "artifactLocation": {
                  "uri": "examples/risky-openapi.yaml"
                },
                "region": {
                  "snippet": {
                    "text": "POST /users"
                  }
                }
              }
            }
          ],
          "properties": {
            "category": "schema",
            "toolId": "createUser",
            "toolName": "createUser",
            "method": "POST",
            "path": "/users"
          }
        },
        {
          "ruleId": "errors/missing-error-schema",
          "ruleIndex": 14,
          "level": "warning",
          "message": {
            "text": "Operation does not define a structured 4xx or 5xx error response schema.\\n\\nRecommendation: Define structured error responses with stable error codes and messages so agents can recover safely.\\n\\nEvidence:\\n  - No 4xx/5xx response with schema"
          },
          "locations": [
            {
              "physicalLocation": {
                "artifactLocation": {
                  "uri": "examples/risky-openapi.yaml"
                },
                "region": {
                  "snippet": {
                    "text": "DELETE /users/{id}"
                  }
                }
              }
            }
          ],
          "properties": {
            "category": "errors",
            "toolId": "deleteUser",
            "toolName": "deleteUser",
            "method": "DELETE",
            "path": "/users/{id}"
          }
        },
        {
          "ruleId": "safety/mutating-requires-dry-run",
          "ruleIndex": 5,
          "level": "warning",
          "message": {
            "text": "Mutating operation does not expose dry-run, preview, or validate-only mode.\\n\\nRecommendation: Add dry-run, preview, or validate-only support when possible. Otherwise mark the operation as guarded.\\n\\nEvidence:\\n  - HTTP method DELETE"
          },
          "locations": [
            {
              "physicalLocation": {
                "artifactLocation": {
                  "uri": "examples/risky-openapi.yaml"
                },
                "region": {
                  "snippet": {
                    "text": "DELETE /users/{id}"
                  }
                }
              }
            }
          ],
          "properties": {
            "category": "safety",
            "toolId": "deleteUser",
            "toolName": "deleteUser",
            "method": "DELETE",
            "path": "/users/{id}"
          }
        },
        {
          "ruleId": "docs/weak-description",
          "ruleIndex": 12,
          "level": "note",
          "message": {
            "text": "Description is too short to be useful for agent tool selection.\\n\\nRecommendation: Expand the description to clearly explain what the operation does and when to use it.\\n\\nEvidence:\\n  - Description length: 10 characters"
          },
          "locations": [
            {
              "physicalLocation": {
                "artifactLocation": {
                  "uri": "examples/risky-openapi.yaml"
                },
                "region": {
                  "snippet": {
                    "text": "POST /emails/send"
                  }
                }
              }
            }
          ],
          "properties": {
            "category": "docs",
            "toolId": "sendEmail",
            "toolName": "sendEmail",
            "method": "POST",
            "path": "/emails/send"
          }
        },
        {
          "ruleId": "docs/weak-description",
          "ruleIndex": 12,
          "level": "note",
          "message": {
            "text": "Description is too short to be useful for agent tool selection.\\n\\nRecommendation: Expand the description to clearly explain what the operation does and when to use it.\\n\\nEvidence:\\n  - Description length: 14 characters"
          },
          "locations": [
            {
              "physicalLocation": {
                "artifactLocation": {
                  "uri": "examples/risky-openapi.yaml"
                },
                "region": {
                  "snippet": {
                    "text": "POST /payments/charge"
                  }
                }
              }
            }
          ],
          "properties": {
            "category": "docs",
            "toolId": "chargePayment",
            "toolName": "chargePayment",
            "method": "POST",
            "path": "/payments/charge"
          }
        },
        {
          "ruleId": "docs/weak-description",
          "ruleIndex": 12,
          "level": "note",
          "message": {
            "text": "Description is too short to be useful for agent tool selection.\\n\\nRecommendation: Expand the description to clearly explain what the operation does and when to use it.\\n\\nEvidence:\\n  - Description length: 10 characters"
          },
          "locations": [
            {
              "physicalLocation": {
                "artifactLocation": {
                  "uri": "examples/risky-openapi.yaml"
                },
                "region": {
                  "snippet": {
                    "text": "GET /users"
                  }
                }
              }
            }
          ],
          "properties": {
            "category": "docs",
            "toolId": "listUsers",
            "toolName": "listUsers",
            "method": "GET",
            "path": "/users"
          }
        },
        {
          "ruleId": "docs/weak-description",
          "ruleIndex": 12,
          "level": "note",
          "message": {
            "text": "Description is too short to be useful for agent tool selection.\\n\\nRecommendation: Expand the description to clearly explain what the operation does and when to use it.\\n\\nEvidence:\\n  - Description length: 11 characters"
          },
          "locations": [
            {
              "physicalLocation": {
                "artifactLocation": {
                  "uri": "examples/risky-openapi.yaml"
                },
                "region": {
                  "snippet": {
                    "text": "POST /users"
                  }
                }
              }
            }
          ],
          "properties": {
            "category": "docs",
            "toolId": "createUser",
            "toolName": "createUser",
            "method": "POST",
            "path": "/users"
          }
        },
        {
          "ruleId": "docs/weak-description",
          "ruleIndex": 12,
          "level": "note",
          "message": {
            "text": "Description is too short to be useful for agent tool selection.\\n\\nRecommendation: Expand the description to clearly explain what the operation does and when to use it.\\n\\nEvidence:\\n  - Description length: 11 characters"
          },
          "locations": [
            {
              "physicalLocation": {
                "artifactLocation": {
                  "uri": "examples/risky-openapi.yaml"
                },
                "region": {
                  "snippet": {
                    "text": "DELETE /users/{id}"
                  }
                }
              }
            }
          ],
          "properties": {
            "category": "docs",
            "toolId": "deleteUser",
            "toolName": "deleteUser",
            "method": "DELETE",
            "path": "/users/{id}"
          }
        }
      ]
    }
  ]
}
"
`;
